src/hooks/useClients.ts(35,5): error TS2322: Type '(data: Omit<Client, "id" | "createdAt" | "updatedAt">) => Client' is not assignable to type 'MutationFunction<unknown, Omit<Client, "id" | "createdAt" | "updatedAt">>'.
  Type 'Client' is missing the following properties from type 'Promise<unknown>': then, catch, finally, [Symbol.toStringTag]
src/hooks/useClients.ts(57,5): error TS2322: Type '({ id, data }: { id: string; data: Partial<Client>; }) => Client' is not assignable to type 'MutationFunction<unknown, { id: string; data: Partial<Client>; }>'.
  Type 'Client' is missing the following properties from type 'Promise<unknown>': then, catch, finally, [Symbol.toStringTag]
src/hooks/useClients.ts(81,5): error TS2322: Type '(id: string) => string' is not assignable to type 'MutationFunction<unknown, string>'.
  Type 'string' is not assignable to type 'Promise<unknown>'.
src/hooks/useInvoices.ts(44,5): error TS2322: Type '(data: Omit<Invoice, "id" | "invoiceNumber" | "createdAt">) => Invoice' is not assignable to type 'MutationFunction<unknown, Omit<Invoice, "id" | "createdAt" | "invoiceNumber">>'.
  Type 'Invoice' is missing the following properties from type 'Promise<unknown>': then, catch, finally, [Symbol.toStringTag]
src/hooks/useInvoices.ts(66,5): error TS2322: Type '({ id, data }: { id: string; data: Partial<Invoice>; }) => Invoice' is not assignable to type 'MutationFunction<unknown, { id: string; data: Partial<Invoice>; }>'.
  Type 'Invoice' is missing the following properties from type 'Promise<unknown>': then, catch, finally, [Symbol.toStringTag]
src/hooks/useInvoices.ts(89,5): error TS2322: Type '(id: string) => string' is not assignable to type 'MutationFunction<unknown, string>'.
  Type 'string' is not assignable to type 'Promise<unknown>'.
src/hooks/useInvoices.ts(106,5): error TS2322: Type '(id: string) => Invoice' is not assignable to type 'MutationFunction<unknown, string>'.
  Type 'Invoice' is missing the following properties from type 'Promise<unknown>': then, catch, finally, [Symbol.toStringTag]
src/hooks/useProjects.ts(35,5): error TS2322: Type '(data: Omit<Project, "id" | "createdAt" | "updatedAt">) => Project' is not assignable to type 'MutationFunction<unknown, Omit<Project, "id" | "createdAt" | "updatedAt">>'.
  Type 'Project' is missing the following properties from type 'Promise<unknown>': then, catch, finally, [Symbol.toStringTag]
src/hooks/useProjects.ts(57,5): error TS2322: Type '({ id, data }: { id: string; data: Partial<Project>; }) => Project' is not assignable to type 'MutationFunction<unknown, { id: string; data: Partial<Project>; }>'.
  Type 'Project' is missing the following properties from type 'Promise<unknown>': then, catch, finally, [Symbol.toStringTag]
src/hooks/useProjects.ts(81,5): error TS2322: Type '(id: string) => string' is not assignable to type 'MutationFunction<unknown, string>'.
  Type 'string' is not assignable to type 'Promise<unknown>'.
src/hooks/useTimeEntries.ts(49,5): error TS2322: Type '(data: Omit<TimeEntry, "id" | "createdAt">) => TimeEntry' is not assignable to type 'MutationFunction<unknown, Omit<TimeEntry, "id" | "createdAt">>'.
  Type 'TimeEntry' is missing the following properties from type 'Promise<unknown>': then, catch, finally, [Symbol.toStringTag]
src/hooks/useTimeEntries.ts(70,5): error TS2322: Type '({ id, data }: { id: string; data: Partial<TimeEntry>; }) => TimeEntry' is not assignable to type 'MutationFunction<unknown, { id: string; data: Partial<TimeEntry>; }>'.
  Type 'TimeEntry' is missing the following properties from type 'Promise<unknown>': then, catch, finally, [Symbol.toStringTag]
src/hooks/useTimeEntries.ts(93,5): error TS2322: Type '(id: string) => string' is not assignable to type 'MutationFunction<unknown, string>'.
  Type 'string' is not assignable to type 'Promise<unknown>'.
